// Jest Snapshot v1, https://goo.gl/fbAQLP

exports[`Joyride > SSR should render without errors 1`] = `"<div data-test-id="demo"><main><div class="hero"><div class="container"><div class="hero__content"><h1><span>Create walkthroughs and guided tours for your ReactJS apps.</span></h1><button data-test-id="start" type="button">Let&#x27;s Go!</button></div></div></div><div class="demo__section projects"><div class="container"><h2><span>Projects</span></h2><div class="list"><div>Installation</div><div>Documentation</div><div>Support </div></div></div></div><div class="demo__section mission"><div class="container"><h2><span>Mission</span></h2><button data-test-id="mission-button" type="button">Click me</button></div></div><div class="demo__section about"><div class="container"><h2><span>About</span></h2></div></div></main><footer class="demo__footer"><div class="container"><button type="button">Joyride</button></div></footer></div>"`;
